// Jest Snapshot v1, https://goo.gl/fbAQLP

exports[`Components : Layout : Development warning is displayed in production 1`] = `null`;
