// Jest Snapshot v1, https://goo.gl/fbAQLP

exports[`Components : Layout : Header renders correctly 1`] = `null`;

exports[`Components : Layout : Header renders correctly 2`] = `null`;
