// Jest Snapshot v1, https://goo.gl/fbAQLP

exports[`Components : Common: Get Involved renders correctly 1`] = `
<div>
  <div
    className="listArrow"
  >
    <span aria-hidden
      className="listArrowIcon"
    >
      â†’
    </span>
    <p>
      More text
    </p>
  </div>
</div>
`;
