// Jest Snapshot v1, https://goo.gl/fbAQLP

exports[`Components : Common: Smart quote renders correctly 1`] = `"Donâ€™t worry"`;
