// Jest Snapshot v1, https://goo.gl/fbAQLP

exports[`Components : Common: Contact form renders correctly 1`] = `
<form
  action="/contact/success"
  className="contactForm"
  data-netlify="true"
  method="POST"
  name="volunteer"
  netlify-honeypot="covid-bot-field"
>
  <div>
    <input
      name="form-name"
      type="hidden"
      value="volunteer"
    />
    <label
      className="inputHeader"
      htmlFor="name"
    >
      Name
      <span
        className="required"
      >
        (required)
      </span>
      <input
        aria-required="true"
        id="name"
        name="name"
        required={true}
        type="text"
      />
    </label>
  </div>
  <div>
    <label
      className="inputHeader"
      htmlFor="email"
    >
      Email
      <span
        className="required"
      >
        (required)
      </span>
      <span
        className="detailText"
      >
        If possible, this should be a Gmail or Google-linked address, since we rely heavily on Google Docs and Sheets. We will show your email internally to other volunteers but will not share it elsewhere.
      </span>
      <input
        aria-required="true"
        id="email"
        name="email"
        required={true}
        type="email"
      />
    </label>
  </div>
  <div>
    <label
      className="inputHeader"
      htmlFor="url"
    >
      URL
      <span
        className="detailText"
      >
        Personal website, LinkedIn, or other website that will tell us about you.
      </span>
      <input
        id="url"
        name="url"
        type="text"
      />
    </label>
  </div>
  <div>
    <label
      className="inputHeader"
      htmlFor="hours"
    >
      About how many hours are you available to work?
      <span
        className="required"
      >
        (required)
      </span>
      <select
        aria-required="true"
        id="hours"
        name="hours"
        required={true}
      >
        <option
          value="1-5"
        >
          1-5
        </option>
        <option
          value="5-10"
        >
          5-10
        </option>
        <option
          value="10-20"
        >
          10-20
        </option>
        <option
          value="20-30"
        >
          20-30
        </option>
        <option
          value="30-40"
        >
          30-40
        </option>
        <option
          value="40+"
        >
          40+
        </option>
      </select>
    </label>
  </div>
  <div>
    <label
      className="inputHeader"
      htmlFor="timezone"
    >
      What time zone are you in?
      <span
        className="required"
      >
        (required)
      </span>
      <select
        aria-required="true"
        id="timezone"
        name="timezone"
        required={true}
      >
        <option
          value="Pacific"
        >
          Pacific
        </option>
        <option
          value="Mountain"
        >
          Mountain
        </option>
        <option
          value="Central"
        >
          Central
        </option>
        <option
          value="Eastern"
        >
          Eastern
        </option>
        <option
          value="Other"
        >
          Other
        </option>
      </select>
    </label>
  </div>
  <div>
    <fieldset>
      <legend>
        When are you most available to work?
        <span
          className="required"
        >
          (required)
        </span>
      </legend>
      <label
        htmlFor="morning"
      >
        <input
          id="morning"
          name="availability"
          type="checkbox"
          value="Morning, some or all weekdays"
        />
        Morning, some or all weekdays
      </label>
      <label
        htmlFor="afternoon"
      >
        <input
          id="afternoon"
          name="availability"
          type="checkbox"
          value="Afternoon, some or all weekdays"
        />
        Afternoon, some or all weekdays
      </label>
      <label
        htmlFor="evening"
      >
        <input
          id="evening"
          name="availability"
          type="checkbox"
          value="Evening, some or all weekdays"
        />
        Evening, some or all weekdays
      </label>
      <label
        htmlFor="weekends"
      >
        <input
          id="weekends"
          name="availability"
          type="checkbox"
          value="Weekends"
        />
        Weekends
      </label>
    </fieldset>
  </div>
  <div>
    <label
      className="inputHeader"
      htmlFor="skills"
    >
      Specializations / Skills
      <span
        className="required"
      >
        (required)
      </span>
      <span
        className="detailText"
      >
        Examples: Python, SQL, Tableau, data viz, editing, social media, public health, research, journalism, etc.
      </span>
      <input
        aria-required="true"
        id="skills"
        name="skills"
        required={true}
        type="text"
      />
    </label>
  </div>
  <div>
    <fieldset>
      <legend
        className="inputHeader"
      >
        What would you like to volunteer to do?
        <span
          className="required"
        >
          (required)
        </span>
      </legend>
      <div>
        <label
          htmlFor="data"
        >
          <input
            id="data"
            name="workstream"
            required={true}
            type="radio"
            value="I'd like to help collect and analyze your data."
          />
          I'd like to help collect and analyze your data.
        </label>
      </div>
      <div>
        <label
          htmlFor="website"
        >
          <input
            id="website"
            name="workstream"
            required={true}
            type="radio"
            value="I'd like to help design and build your website."
          />
          I'd like to help design and build your website.
        </label>
      </div>
      <div>
        <label
          htmlFor="writing"
        >
          <input
            id="writing"
            name="workstream"
            required={true}
            type="radio"
            value="I'd like to help write content, monitor news sources, and do original journalism."
          />
          I'd like to help write content, monitor news sources, and do original journalism.
        </label>
      </div>
      <div>
        <label
          htmlFor="management"
        >
          <input
            id="management"
            name="workstream"
            required={true}
            type="radio"
            value="I'd like to help with program management, project management, or community management."
          />
          I'd like to help with program management, project management, or community management.
        </label>
      </div>
    </fieldset>
  </div>
  <div>
    <label
      className="inputHeader"
      htmlFor="referred"
    >
      I was referred by ...
      <input
        id="referred"
        name="referred"
        type="text"
      />
    </label>
  </div>
  <div>
    <label
      className="inputHeader"
      htmlFor="why"
    >
      Why are you interested in volunteering for us?
      <textarea
        id="why"
        name="why"
        rows="5"
      />
    </label>
  </div>
  <div
    className="botField"
  >
    <label
      htmlFor="covid-bot-field"
    >
      If you are a human, don't fill out this field:
      <input
        id="covid-bot-field"
        name="covid-bot-field"
        type="text"
      />
    </label>
  </div>
  <div>
    <button
      className="button"
      type="submit"
    >
      Send your email
    </button>
  </div>
</form>
`;
