// Jest Snapshot v1, https://goo.gl/fbAQLP

exports[`Components : Race : Dashboard : Header Sorter renders correctly 1`] = `
<div
  className="container"
>
  <p>
    States that have 10% or more missing 
    race
     data should be interpreted with caution.
  </p>
</div>
`;
