// Jest Snapshot v1, https://goo.gl/fbAQLP

exports[`Components : Pages : Race : Dashboard : State Combined renders correctly 1`] = `
<div>
  <div
    className="stateOverview"
  >
    <div
      className="note"
    >
      <div
        className="container"
      >
        <p>
          States that have 10% or more missing 
          race/ethnicity
           data should be interpreted with caution.
        </p>
      </div>
    </div>
  </div>
  <div>
    <h3>
      Cases and deaths by race/ethnicity
    </h3>
    <div
      className="container"
    >
      <p
        className="key"
      >
        <span
          className="disparitySymbol inKey"
        >
          <span
            className="a11y-only"
          >
            Figure is significantly higher than population proportion
          </span>
          <span
            className="inner"
          />
        </span>
        Racial/ethnic disparity likely.
         
        <a
          className="js-disabled"
          href="#notes-disparity"
        >
          See why 
          <span
            aria-hidden={true}
          >
            ↓
          </span>
        </a>
        <button
          aria-controls="table-symbol-disparity-al"
          aria-expanded={false}
          className="disclosureButton js-enabled"
          onClick={[Function]}
        >
          <span
            className="text"
          >
            See why
          </span>
           
          <span
            aria-hidden={true}
          >
            ↓
          </span>
        </button>
      </p>
      <p
        className="key"
      >
        <span
          className="caution inKey"
        >
          <span
            className="a11y-only"
          >
            This data is not reliable
          </span>
        </span>
        Should not be compared with percentage of population.
         
        <a
          className="js-disabled"
          href="#notes-comparible"
        >
          See why 
          <span
            aria-hidden={true}
          >
            ↓
          </span>
        </a>
        <button
          aria-controls="table-symbol-notComparible-al"
          aria-expanded={false}
          className="disclosureButton js-enabled"
          onClick={[Function]}
        >
          <span
            className="text"
          >
            See why
          </span>
           
          <span
            aria-hidden={true}
          >
            ↓
          </span>
        </button>
      </p>
      <div />
      <div
        className="disclosurePane"
        dangerouslySetInnerHTML={
          Object {
            "__html": "<h2>Content</h2><p>More disparity snippet content</p>",
          }
        }
        data-expanded={false}
        hidden={true}
        id="table-symbol-disparity-al"
      />
      <div
        className="disclosurePane"
        dangerouslySetInnerHTML={
          Object {
            "__html": "<h2>Content</h2><p>More comparible snippet content</p>",
          }
        }
        data-expanded={false}
        hidden={true}
        id="table-symbol-notComparible-al"
      />
    </div>
  </div>
  <div>
    <table
      className="table"
    >
      <thead>
        <tr>
          <th
            className="group"
            scope="col"
          >
            <span
              role="text"
            >
              Race/ethnicity
            </span>
          </th>
          <th
            className="borderLeft percent"
            scope="col"
          >
            <span
              role="text"
            >
              Percentage of population
            </span>
          </th>
          <th
            className="percent"
            scope="col"
          >
            <span
              role="text"
            >
              Percentage of cases
              <div
                className="symbolSpacer"
              />
            </span>
          </th>
          <th
            className="percent"
            scope="col"
          >
            <span
              role="text"
            >
              Percentage of deaths
              <div
                className="symbolSpacer"
              />
            </span>
          </th>
        </tr>
      </thead>
      <tbody>
        <tr>
          <th
            className="group"
            scope="row"
          >
            <span
              role="text"
            >
              Black or African American alone
            </span>
          </th>
          <td
            className="borderLeft"
          >
            22
            %
          </td>
          <td
            className=""
          >
            3
            %
            <sup
              className="note"
            >
              <a
                href="#notes-al"
              >
                <span
                  className="a11y-only"
                >
                  Sample Sample blackPos notes.
                </span>
                <span>
                  1
                </span>
              </a>
            </sup>
            <div
              className="symbolSpacer"
            >
              <span
                className="caution "
              >
                <span
                  className="a11y-only"
                >
                  This data is not reliable
                </span>
              </span>
            </div>
          </td>
          <td
            className=""
          >
            &lt;1
            %
            <div
              className="symbolSpacer"
            >
              <span
                className="caution "
              >
                <span
                  className="a11y-only"
                >
                  This data is not reliable
                </span>
              </span>
            </div>
          </td>
        </tr>
        <tr>
          <th
            className="group"
            scope="row"
          >
            <span
              role="text"
            >
              Hispanic or Latino *
            </span>
          </th>
          <td
            className="borderLeft"
          >
            75
            %
          </td>
          <td
            className=""
          >
            12
            %
            <sup
              className="note"
            >
              <a
                href="#notes-al"
              >
                <span
                  className="a11y-only"
                >
                  Sample Sample latinXPos notes.
                </span>
                <span>
                  2
                </span>
              </a>
            </sup>
            <div
              className="symbolSpacer"
            >
              <span
                className="caution "
              >
                <span
                  className="a11y-only"
                >
                  This data is not reliable
                </span>
              </span>
            </div>
          </td>
          <td
            className=""
          >
            &lt;1
            %
            <sup
              className="note"
            >
              <a
                href="#notes-al"
              >
                <span
                  className="a11y-only"
                >
                  Sample Sample latinXDeath notes.
                </span>
                <span>
                  3
                </span>
              </a>
            </sup>
            <div
              className="symbolSpacer"
            >
              <span
                className="caution "
              >
                <span
                  className="a11y-only"
                >
                  This data is not reliable
                </span>
              </span>
            </div>
          </td>
        </tr>
        <tr>
          <th
            className="group"
            scope="row"
          >
            <span
              role="text"
            >
              Asian alone
            </span>
          </th>
          <td
            className="borderLeft"
          >
            85
            %
          </td>
          <td
            className=""
          >
            52
            %
            <sup
              className="note"
            >
              <a
                href="#notes-al"
              >
                <span
                  className="a11y-only"
                >
                  Sample Sample asianPos notes.
                </span>
                <span>
                  4
                </span>
              </a>
            </sup>
            <div
              className="symbolSpacer"
            >
              <span
                className="caution "
              >
                <span
                  className="a11y-only"
                >
                  This data is not reliable
                </span>
              </span>
            </div>
          </td>
          <td
            className=""
          >
            &lt;1
            %
            <div
              className="symbolSpacer"
            >
              <span
                className="caution "
              >
                <span
                  className="a11y-only"
                >
                  This data is not reliable
                </span>
              </span>
            </div>
          </td>
        </tr>
        <tr>
          <th
            className="group"
            scope="row"
          >
            <span
              role="text"
            >
              Native Hawaiian and Pacific Islander alone
            </span>
          </th>
          <td
            className="borderLeft"
          >
            36
            %
          </td>
          <td
            className=""
          >
            26
            %
            <sup
              className="note"
            >
              <a
                href="#notes-al"
              >
                <span
                  className="a11y-only"
                >
                  Sample Sample nhpiPos notes.
                </span>
                <span>
                  5
                </span>
              </a>
            </sup>
            <div
              className="symbolSpacer"
            >
              <span
                className="caution "
              >
                <span
                  className="a11y-only"
                >
                  This data is not reliable
                </span>
              </span>
            </div>
          </td>
          <td
            className=""
          >
            &lt;1
            %
            <sup
              className="note"
            >
              <a
                href="#notes-al"
              >
                <span
                  className="a11y-only"
                >
                  Sample Sample nhpiDeath notes.
                </span>
                <span>
                  6
                </span>
              </a>
            </sup>
            <div
              className="symbolSpacer"
            >
              <span
                className="caution "
              >
                <span
                  className="a11y-only"
                >
                  This data is not reliable
                </span>
              </span>
            </div>
          </td>
        </tr>
        <tr>
          <th
            className="group"
            scope="row"
          >
            <span
              role="text"
            >
              American Indian or Alaska Native alone
            </span>
          </th>
          <td
            className="borderLeft"
          >
            79
            %
          </td>
          <td
            className=""
          >
            60
            %
            <sup
              className="note"
            >
              <a
                href="#notes-al"
              >
                <span
                  className="a11y-only"
                >
                  Sample Sample aianPos notes.
                </span>
                <span>
                  7
                </span>
              </a>
            </sup>
            <div
              className="symbolSpacer"
            >
              <span
                className="caution "
              >
                <span
                  className="a11y-only"
                >
                  This data is not reliable
                </span>
              </span>
            </div>
          </td>
          <td
            className=""
          >
            &lt;1
            %
            <sup
              className="note"
            >
              <a
                href="#notes-al"
              >
                <span
                  className="a11y-only"
                >
                  Sample Sample aianDeath notes.
                </span>
                <span>
                  8
                </span>
              </a>
            </sup>
            <div
              className="symbolSpacer"
            >
              <span
                className="caution "
              >
                <span
                  className="a11y-only"
                >
                  This data is not reliable
                </span>
              </span>
            </div>
          </td>
        </tr>
        <tr>
          <th
            className="group"
            scope="row"
          >
            <span
              role="text"
            >
              Two or more races
            </span>
          </th>
          <td
            className="borderLeft"
          >
            99
            %
          </td>
          <td
            className=""
          >
            38
            %
            <sup
              className="note"
            >
              <a
                href="#notes-al"
              >
                <span
                  className="a11y-only"
                >
                  Sample Sample twoPos notes.
                </span>
                <span>
                  9
                </span>
              </a>
            </sup>
            <div
              className="symbolSpacer"
            >
              <span
                className="caution "
              >
                <span
                  className="a11y-only"
                >
                  This data is not reliable
                </span>
              </span>
            </div>
          </td>
          <td
            className=""
          >
            &lt;1
            %
            <sup
              className="note"
            >
              <a
                href="#notes-al"
              >
                <span
                  className="a11y-only"
                >
                  Sample Sample twoDeath notes.
                </span>
                <span>
                  10
                </span>
              </a>
            </sup>
            <div
              className="symbolSpacer"
            >
              <span
                className="caution "
              >
                <span
                  className="a11y-only"
                >
                  This data is not reliable
                </span>
              </span>
            </div>
          </td>
        </tr>
        <tr>
          <th
            className="group"
            scope="row"
          >
            <span
              role="text"
            >
              White alone
            </span>
          </th>
          <td
            className="borderLeft"
          >
            3
            %
          </td>
          <td
            className=""
          >
            79
            %
            <sup
              className="note"
            >
              <a
                href="#notes-al"
              >
                <span
                  className="a11y-only"
                >
                  Sample Sample whitePos notes.
                </span>
                <span>
                  11
                </span>
              </a>
            </sup>
            <div
              className="symbolSpacer"
            >
              <span
                className="caution "
              >
                <span
                  className="a11y-only"
                >
                  This data is not reliable
                </span>
              </span>
            </div>
          </td>
          <td
            className=""
          >
            &lt;1
            %
            <div
              className="symbolSpacer"
            >
              <span
                className="caution "
              >
                <span
                  className="a11y-only"
                >
                  This data is not reliable
                </span>
              </span>
            </div>
          </td>
        </tr>
        <tr>
          <th
            className="group"
            scope="row"
          >
            <span
              role="text"
            >
              Some other race alone
            </span>
          </th>
          <td
            className="borderLeft"
          >
            31
            %
          </td>
          <td
            className=""
          >
            86
            %
            <sup
              className="note"
            >
              <a
                href="#notes-al"
              >
                <span
                  className="a11y-only"
                >
                  Sample Sample otherPos notes.
                </span>
                <span>
                  12
                </span>
              </a>
            </sup>
            <div
              className="symbolSpacer"
            >
              <span
                className="caution "
              >
                <span
                  className="a11y-only"
                >
                  This data is not reliable
                </span>
              </span>
            </div>
          </td>
          <td
            className=""
          >
            12
            %
            <sup
              className="note"
            >
              <a
                href="#notes-al"
              >
                <span
                  className="a11y-only"
                >
                  Sample Sample otherDeath notes.
                </span>
                <span>
                  13
                </span>
              </a>
            </sup>
            <div
              className="symbolSpacer"
            >
              <span
                className="caution "
              >
                <span
                  className="a11y-only"
                >
                  This data is not reliable
                </span>
              </span>
            </div>
          </td>
        </tr>
      </tbody>
    </table>
  </div>
  <p>
    * Hispanic or Latino ethnicity, any race. All other race categories in this table are defined as Not Hispanic or Latino.
  </p>
  <h4
    className="header"
    id="notes-al"
  >
    Notes
     
    <span
      className="a11y-only"
    >
       for 
      Alabama
    </span>
  </h4>
  <ol
    className="list"
  >
    <li>
      Sample Sample blackPos notes.
    </li>
    <li>
      Sample Sample latinXPos notes.
    </li>
    <li>
      Sample Sample latinXDeath notes.
    </li>
    <li>
      Sample Sample asianPos notes.
    </li>
    <li>
      Sample Sample nhpiPos notes.
    </li>
    <li>
      Sample Sample nhpiDeath notes.
    </li>
    <li>
      Sample Sample aianPos notes.
    </li>
    <li>
      Sample Sample aianDeath notes.
    </li>
    <li>
      Sample Sample twoPos notes.
    </li>
    <li>
      Sample Sample twoDeath notes.
    </li>
    <li>
      Sample Sample whitePos notes.
    </li>
    <li>
      Sample Sample otherPos notes.
    </li>
    <li>
      Sample Sample otherDeath notes.
    </li>
  </ol>
</div>
`;
