// Jest Snapshot v1, https://goo.gl/fbAQLP

exports[`Components : Pages : Data : Navigation with JS enabled renders correctly 1`] = `
<div
  className="js-enabled state-nav-combobox stateNavCombobox"
>
  <label
    htmlFor="jump-to-state"
  >
    Type a stateâ€™s name to jump to it:
  </label>
  <div>
    <label
      className="a11y-only"
      htmlFor="jump-to-state"
    >
      Jump to state or territory
    </label>
    <input
      type="text"
    />
    <div>
      <ul>
        <li />
        <li />
      </ul>
    </div>
  </div>
</div>
`;

exports[`Components : Pages : Data : Navigation with JS enabled search for states 1`] = `"{\\"node\\":{\\"state\\":\\"AK\\",\\"name\\":\\"Alaska\\"}}"`;
