// Jest Snapshot v1, https://goo.gl/fbAQLP

exports[`Components : Pages : State : Screenshots renders correctly 1`] = `null`;
